// Jest Snapshot v1, https://goo.gl/fbAQLP

exports[`Minimal layout should render without crashing 1`] = `<div />`;
